Change Footprint: Footprint Not Found 0201
Change Footprint: Footprint Not Found 0201
Change Footprint: Footprint Not Found 0201
Change Footprint: Footprint Not Found 0201
Change Footprint: Footprint Not Found 0201
Change Footprint: Footprint Not Found 0201
Change Footprint: Footprint Not Found 0402
Change Footprint: Footprint Not Found 0402
Change Footprint: Footprint Not Found 0402
Change Footprint: Footprint Not Found 0402
Change Footprint: Footprint Not Found 0402
Change Footprint: Footprint Not Found 0402
Change Footprint: Footprint Not Found 0402
Change Footprint: Footprint Not Found 0402
Change Footprint: Footprint Not Found 0402
Change Footprint: Footprint Not Found 0402
Change Footprint: Footprint Not Found 0402
Change Footprint: Footprint Not Found 0402
Change Footprint: Footprint Not Found 0402
Change Footprint: Footprint Not Found 0402
Change Footprint: Footprint Not Found 0402
Change Footprint: Footprint Not Found 0402
Change Footprint: Footprint Not Found 0402
Change Footprint: Footprint Not Found 0402
Change Footprint: Footprint Not Found 0402
Change Footprint: Footprint Not Found 0402
Change Footprint: Footprint Not Found 0402
Change Footprint: Footprint Not Found 0402
Change Footprint: Footprint Not Found 0402
Change Footprint: Footprint Not Found 0402
Change Footprint: Footprint Not Found 0402
Change Footprint: Footprint Not Found 0402
Change Footprint: Footprint Not Found 0402
Change Footprint: Footprint Not Found 0402
Change Footprint: Footprint Not Found 0402
Change Footprint: Footprint Not Found 0402
Change Footprint: Footprint Not Found 0402
Change Footprint: Footprint Not Found 0402
Change Footprint: Footprint Not Found 0402
Change Footprint: Footprint Not Found 0402
Change Footprint: Footprint Not Found 0402
Change Footprint: Footprint Not Found 0402
Change Footprint: Footprint Not Found 0402
Change Footprint: Footprint Not Found 0402
Change Footprint: Footprint Not Found 0402
Change Footprint: Footprint Not Found 0402
Change Footprint: Footprint Not Found 0402
Change Footprint: Footprint Not Found 0402
Change Footprint: Footprint Not Found 0402
Change Footprint: Footprint Not Found 0402
Change Footprint: Footprint Not Found 0402
Change Footprint: Footprint Not Found 0402
Change Footprint: Footprint Not Found 0402
Change Footprint: Footprint Not Found 0402
Change Footprint: Footprint Not Found 0402
Change Footprint: Footprint Not Found 0402
Change Footprint: Footprint Not Found 0402
Change Footprint: Footprint Not Found 0402
Change Footprint: Footprint Not Found 0402
Change Footprint: Footprint Not Found 0402
Change Footprint: Footprint Not Found 0402
Change Footprint: Footprint Not Found 0402
Change Footprint: Footprint Not Found 0402
Change Footprint: Footprint Not Found 0402
Change Footprint: Footprint Not Found 0402
Change Footprint: Footprint Not Found 0402
Change Footprint: Footprint Not Found 0402
Change Footprint: Footprint Not Found 0402
Change Footprint: Footprint Not Found 0402
Change Footprint: Footprint Not Found 0402
Change Footprint: Footprint Not Found 0402
Change Footprint: Footprint Not Found 0402
Change Footprint: Footprint Not Found 0402
Change Footprint: Footprint Not Found 0402L
Change Footprint: Footprint Not Found 0402L
Change Footprint: Footprint Not Found 0402L
Change Footprint: Footprint Not Found 0603
Change Footprint: Footprint Not Found 0603
Change Footprint: Footprint Not Found 0603
Change Footprint: Footprint Not Found 0603
Change Footprint: Footprint Not Found 0603
Change Footprint: Footprint Not Found 0603
Change Footprint: Footprint Not Found 0603
Change Footprint: Footprint Not Found 0603
Change Footprint: Footprint Not Found 0603
Change Footprint: Footprint Not Found 0603
Change Footprint: Footprint Not Found 0603
Change Footprint: Footprint Not Found 0603
Change Footprint: Footprint Not Found 0603
Change Footprint: Footprint Not Found 0603
Change Footprint: Footprint Not Found 0603
Change Footprint: Footprint Not Found 0603
Change Footprint: Footprint Not Found Abracon_ABM10W
Change Footprint: Footprint Not Found DBV0005A_N
Change Footprint: Footprint Not Found DBV0006A_N
Change Footprint: Footprint Not Found DBV0006A_N
Change Footprint: Footprint Not Found DQA0010A
Change Footprint: Footprint Not Found DRL0005A
Change Footprint: Footprint Not Found FP-BLM18EG121SN1D_0603-MFG
Change Footprint: Footprint Not Found FP-GRM033C80J105ME05D_0201-MFG
Change Footprint: Footprint Not Found FP-GRM033C80J105ME05D_0201-MFG
Change Footprint: Footprint Not Found FP-GRM033C80J105ME05D_0201-MFG
Change Footprint: Footprint Not Found FP-GRM033C80J105ME05D_0201-MFG
Change Footprint: Footprint Not Found FP-GRM033C80J105ME05D_0201-MFG
Change Footprint: Footprint Not Found FP-GRM033C80J105ME05D_0201-MFG
Change Footprint: Footprint Not Found FP-GRM033C80J105ME05D_0201-MFG
Change Footprint: Footprint Not Found FP-GRM033C80J105ME05D_0201-MFG
Change Footprint: Footprint Not Found FP-GRM033C80J105ME05D_0201-MFG
Change Footprint: Footprint Not Found FP-GRM033C80J105ME05D_0201-MFG
Change Footprint: Footprint Not Found FP-GRM033C80J105ME05D_0201-MFG
Change Footprint: Footprint Not Found FP-GRM033C80J105ME05D_0201-MFG
Change Footprint: Footprint Not Found FP-GRM033C80J105ME05D_0201-MFG
Change Footprint: Footprint Not Found FP-GRM033C80J105ME05D_0201-MFG
Change Footprint: Footprint Not Found FP-GRM033C80J105ME05D_0201-MFG
Change Footprint: Footprint Not Found FP-GRM033C80J105ME05D_0201-MFG
Change Footprint: Footprint Not Found FP-S25FL128SAGNFI000_WSON8-IPC_B
Change Footprint: Footprint Not Found FP-S25FL128SAGNFI000_WSON8-IPC_B
Change Footprint: Footprint Not Found Hirose_DM3BT-DSF-PEJS
Change Footprint: Footprint Not Found RSE0010A
Change Footprint: Footprint Not Found SOIC-8
Change Component Comment : Designator=R4 Old Comment=CRCW0603499KFKEC New Comment=499k
Change Component Description : Designator=R4 Old Description=RES Thick Film, 499kO, 1%, 0.1W, 100ppm/°C, 0603 New Description=CRCW0603499KFKEC
Add component: Footprint Not Found 0805_HV
Add component: Footprint Not Found 0805_HV
Add component: Footprint Not Found 1210_270
Add component: Footprint Not Found 0603
Add component: Footprint Not Found 1210_270
Add component: Footprint Not Found 1210_270
Add component: Footprint Not Found 0805_HV
Add component: Footprint Not Found 0805_HV
Add component: Footprint Not Found 1210_270
Add component: Footprint Not Found 0603
Add component: Footprint Not Found 1210_270
Add component: Footprint Not Found 1210_270
Add component: Footprint Not Found WE-MAPI_4020
Add component: Footprint Not Found WE-MAPI_4020
Add component: Footprint Not Found 0402
Add component: Footprint Not Found 0805_HV
Add component: Footprint Not Found 0402
Add component: Footprint Not Found 0402
Add component: Footprint Not Found 0402
Add component: Footprint Not Found 0805_HV
Add component: Footprint Not Found 0402
Add component: Footprint Not Found 0402
Added Component: Designator=R?(RESC1609X50X30NL10T20)
Add component (AddParameter): Name = "Manufacturer"; Value = "Vishay Dale"; VariantName = "[No Variations]"
Add component (AddParameter): Name = "Part Number"; Value = "CRCW060324R3FKEA"; VariantName = "[No Variations]"
Add component: Footprint Not Found RPU0010A-MFG
Add component: Footprint Not Found RPU0010A-MFG
Add component: Footprint Not Found X322540MPB4SI
Added Pin To Net: NetName=AM263_ADC_VREFLO_G01 Pin=C1-2
Add Pin To Net: Unknown Pin: Pin C4-1
Add Pin To Net: Unknown Pin: Pin C4-2
Add Pin To Net: Unknown Pin: Pin C5-1
Add Pin To Net: Unknown Pin: Pin C5-2
Add Pin To Net: Unknown Pin: Pin C6-1
Add Pin To Net: Unknown Pin: Pin C6-2
Add Pin To Net: Unknown Pin: Pin C8-1
Add Pin To Net: Unknown Pin: Pin C8-2
Add Pin To Net: Unknown Pin: Pin C11-1
Add Pin To Net: Unknown Pin: Pin C11-2
Add Pin To Net: Unknown Pin: Pin C12-1
Add Pin To Net: Unknown Pin: Pin C12-2
Add Pin To Net: Unknown Pin: Pin C13-1
Add Pin To Net: Unknown Pin: Pin C13-2
Add Pin To Net: Unknown Pin: Pin C14-1
Add Pin To Net: Unknown Pin: Pin C14-2
Add Pin To Net: Unknown Pin: Pin C15-1
Add Pin To Net: Unknown Pin: Pin C15-2
Add Pin To Net: Unknown Pin: Pin C72-1
Add Pin To Net: Unknown Pin: Pin C72-2
Add Pin To Net: Unknown Pin: Pin C73-1
Add Pin To Net: Unknown Pin: Pin C73-2
Add Pin To Net: Unknown Pin: Pin C74-1
Add Pin To Net: Unknown Pin: Pin C74-2
Added Pin To Net: NetName=AM263_ADC_VREFLO_G01 Pin=D1-1
Added Pin To Net: NetName=AM263_ADC_VREFLO_G01 Pin=D3-1
Add Pin To Net: Unknown Pin: Pin L2-1
Add Pin To Net: Unknown Pin: Pin L2-2
Add Pin To Net: Unknown Pin: Pin L4-1
Add Pin To Net: Unknown Pin: Pin L4-2
Added Pin To Net: NetName=AM263_ADC_VREFLO_G01 Pin=R1-1
Add Pin To Net: Unknown Pin: Pin R5-1
Add Pin To Net: Unknown Pin: Pin R5-2
Add Pin To Net: Unknown Pin: Pin R6-1
Add Pin To Net: Unknown Pin: Pin R6-2
Add Pin To Net: Unknown Pin: Pin R9-1
Add Pin To Net: Unknown Pin: Pin R9-2
Add Pin To Net: Unknown Pin: Pin R10-1
Add Pin To Net: Unknown Pin: Pin R10-2
Add Pin To Net: Unknown Pin: Pin R11-1
Add Pin To Net: Unknown Pin: Pin R11-2
Add Pin To Net: Unknown Pin: Pin R12-1
Add Pin To Net: Unknown Pin: Pin R12-2
Add Pin To Net: Unknown Pin: Pin R13-1
Add Pin To Net: Unknown Pin: Pin R13-2
Add Pin To Net: Unknown Pin: Pin R14-1
Add Pin To Net: Unknown Pin: Pin R14-2
Added Pin To Net: NetName=AM263_ADC_VREFLO_G01 Pin=R17-1
Added Pin To Net: NetName=AM263_ADC_VREFLO_G01 Pin=R?-1
Added Pin To Net: NetName=AM263_ADC_VREFLO_G01 Pin=U2-12
Add Pin To Net: Unknown Pin: Pin U3-1
Add Pin To Net: Unknown Pin: Pin U3-2
Add Pin To Net: Unknown Pin: Pin U3-3
Add Pin To Net: Unknown Pin: Pin U3-4
Add Pin To Net: Unknown Pin: Pin U3-5
Add Pin To Net: Unknown Pin: Pin U3-6
Add Pin To Net: Unknown Pin: Pin U3-7
Add Pin To Net: Unknown Pin: Pin U3-8
Add Pin To Net: Unknown Pin: Pin U3-9
Add Pin To Net: Unknown Pin: Pin U3-10
Add Pin To Net: Unknown Pin: Pin U6-1
Add Pin To Net: Unknown Pin: Pin U6-2
Add Pin To Net: Unknown Pin: Pin U6-3
Add Pin To Net: Unknown Pin: Pin U6-4
Add Pin To Net: Unknown Pin: Pin U6-5
Add Pin To Net: Unknown Pin: Pin U6-6
Add Pin To Net: Unknown Pin: Pin U6-7
Add Pin To Net: Unknown Pin: Pin U6-8
Add Pin To Net: Unknown Pin: Pin U6-9
Add Pin To Net: Unknown Pin: Pin U6-10
Add Pin To Net: Unknown Pin: Pin Y2-1
Add Pin To Net: Unknown Pin: Pin Y2-2
Add Pin To Net: Unknown Pin: Pin Y2-3
Add Pin To Net: Unknown Pin: Pin Y2-4
Added Pin To Net: NetName=B_GATE Pin=Q1-3
Added Pin To Net: NetName=B_GATE Pin=Q2-4
Added Pin To Net: NetName=B_GATE Pin=U2-4
Added Net: Name=B_GATE
Added Pin To Net: NetName=DRV Pin=Q1-1
Added Pin To Net: NetName=DRV Pin=U2-5
Added Net: Name=DRV
Added Pin To Net: NetName=IN_SYS Pin=C1-1
Added Pin To Net: NetName=IN_SYS Pin=D1-2
Added Pin To Net: NetName=IN_SYS Pin=D3-2
Added Pin To Net: NetName=IN_SYS Pin=Q1-2
Added Pin To Net: NetName=IN_SYS Pin=Q2-1
Added Pin To Net: NetName=IN_SYS Pin=Q2-2
Added Pin To Net: NetName=IN_SYS Pin=Q2-3
Added Pin To Net: NetName=IN_SYS Pin=R18-2
Added Pin To Net: NetName=IN_SYS Pin=U2-6
Added Net: Name=IN_SYS
Added Pin To Net: NetName=NetR1_2 Pin=R1-2
Added Pin To Net: NetName=NetR1_2 Pin=R4-1
Added Pin To Net: NetName=NetR1_2 Pin=U2-16
Added Net: Name=NetR1_2
Added Pin To Net: NetName=NetR17_2 Pin=R17-2
Added Pin To Net: NetName=NetR17_2 Pin=R19-1
Added Net: Name=NetR17_2
Added Pin To Net: NetName=NetR18_1 Pin=R18-1
Added Pin To Net: NetName=NetR18_1 Pin=R19-2
Added Pin To Net: NetName=NetR18_1 Pin=U2-7
Added Net: Name=NetR18_1
Added Pin To Net: NetName=NetR?_2 Pin=R?-2
Added Pin To Net: NetName=NetR?_2 Pin=U2-17
Added Net: Name=NetR?_2
Added Pin To Net: NetName=VALVE_01_PWR Pin=R4-2
Added Pin To Net: NetName=VALVE_01_PWR Pin=U2-18
Added Pin To Net: NetName=VALVE_01_PWR Pin=U2-19
Added Pin To Net: NetName=VALVE_01_PWR Pin=U2-20
Added Net: Name=VALVE_01_PWR
Add Class Member: Failed to add class member : Component C4 GRM21BZ71A226ME15L
Add Class Member: Failed to add class member : Component C5 GRM21BZ71A226ME15L
Add Class Member: Failed to add class member : Component C6 GRM32ER71A476ME15L
Add Class Member: Failed to add class member : Component C8 GRM188R71E474KA12D
Add Class Member: Failed to add class member : Component C11 GRM32ER7YA106KA12K
Add Class Member: Failed to add class member : Component C12 GRM32ER7YA106KA12K
Add Class Member: Failed to add class member : Component C13 GRM21BZ71A226ME15L
Add Class Member: Failed to add class member : Component C14 GRM21BZ71A226ME15L
Add Class Member: Failed to add class member : Component C15 GRM32ER71A476ME15L
Add Class Member: Failed to add class member : Component C72 GRM188R71E474KA12D
Add Class Member: Failed to add class member : Component C73 GRM32ER7YA106KA12K
Add Class Member: Failed to add class member : Component C74 GRM32ER7YA106KA12K
Add Class Member: Failed to add class member : Component L2 74438356022
Add Class Member: Failed to add class member : Component L4 74438356022
Add Class Member: Failed to add class member : Component R5 ERJ-2RKF1002X
Add Class Member: Failed to add class member : Component R6 ERJ-6ENF1822V
Add Class Member: Failed to add class member : Component R9 CRCW040215K4FKED
Add Class Member: Failed to add class member : Component R10 CRCW04024K99FKED
Add Class Member: Failed to add class member : Component R11 ERJ-2RKF1002X
Add Class Member: Failed to add class member : Component R12 ERJ-6ENF1822V
Add Class Member: Failed to add class member : Component R13 CRCW04022K49FKED
Add Class Member: Failed to add class member : Component R14 CRCW04024K99FKED
Added Member To Class: ClassName=SolenoidValve1 Member=Component R? 24.3k
Add Class Member: Failed to add class member : Component U3 TPS62913RPUR
Add Class Member: Failed to add class member : Component U6 TPS62913RPUR
Add Class Member: Failed to add class member : Component Y2 X322540MPB4SI
Added Rule: Name=Schematic Supply Nets
Added Rule: Name=Schematic Supply Nets_2
