Change Footprint: Footprint Not Found 0201
Change Footprint: Footprint Not Found 0201
Change Footprint: Footprint Not Found 0201
Change Footprint: Footprint Not Found 0201
Change Footprint: Footprint Not Found 0201
Change Footprint: Footprint Not Found 0201
Change Footprint: Footprint Not Found 0402
Change Footprint: Footprint Not Found 0402
Change Footprint: Footprint Not Found 0402
Change Footprint: Footprint Not Found 0402
Change Footprint: Footprint Not Found 0402
Change Footprint: Footprint Not Found 0402
Change Footprint: Footprint Not Found 0402
Change Footprint: Footprint Not Found 0402
Change Footprint: Footprint Not Found 0402
Change Footprint: Footprint Not Found 0402
Change Footprint: Footprint Not Found 0402
Change Footprint: Footprint Not Found 0402
Change Footprint: Footprint Not Found 0402
Change Footprint: Footprint Not Found 0402
Change Footprint: Footprint Not Found 0402
Change Footprint: Footprint Not Found 0402
Change Footprint: Footprint Not Found 0402
Change Footprint: Footprint Not Found 0402
Change Footprint: Footprint Not Found 0402
Change Footprint: Footprint Not Found 0402
Change Footprint: Footprint Not Found 0402
Change Footprint: Footprint Not Found 0402
Change Footprint: Footprint Not Found 0402
Change Footprint: Footprint Not Found 0402
Change Footprint: Footprint Not Found 0402
Change Footprint: Footprint Not Found 0402
Change Footprint: Footprint Not Found 0402
Change Footprint: Footprint Not Found 0402
Change Footprint: Footprint Not Found 0402
Change Footprint: Footprint Not Found 0402
Change Footprint: Footprint Not Found 0402
Change Footprint: Footprint Not Found 0402
Change Footprint: Footprint Not Found 0402
Change Footprint: Footprint Not Found 0402
Change Footprint: Footprint Not Found 0402
Change Footprint: Footprint Not Found 0402
Change Footprint: Footprint Not Found 0402
Change Footprint: Footprint Not Found 0402
Change Footprint: Footprint Not Found 0402
Change Footprint: Footprint Not Found 0402
Change Footprint: Footprint Not Found 0402
Change Footprint: Footprint Not Found 0402
Change Footprint: Footprint Not Found 0402
Change Footprint: Footprint Not Found 0402
Change Footprint: Footprint Not Found 0402
Change Footprint: Footprint Not Found 0402
Change Footprint: Footprint Not Found 0402
Change Footprint: Footprint Not Found 0402
Change Footprint: Footprint Not Found 0402
Change Footprint: Footprint Not Found 0402
Change Footprint: Footprint Not Found 0402
Change Footprint: Footprint Not Found 0402
Change Footprint: Footprint Not Found 0402
Change Footprint: Footprint Not Found 0402
Change Footprint: Footprint Not Found 0402
Change Footprint: Footprint Not Found 0402
Change Footprint: Footprint Not Found 0402
Change Footprint: Footprint Not Found 0402
Change Footprint: Footprint Not Found 0402
Change Footprint: Footprint Not Found 0402
Change Footprint: Footprint Not Found 0402
Change Footprint: Footprint Not Found 0402
Change Footprint: Footprint Not Found 0402
Change Footprint: Footprint Not Found 0402
Change Footprint: Footprint Not Found 0402
Change Footprint: Footprint Not Found 0402
Change Footprint: Footprint Not Found 0402
Change Footprint: Footprint Not Found 0402L
Change Footprint: Footprint Not Found 0402L
Change Footprint: Footprint Not Found 0402L
Change Footprint: Footprint Not Found 0603
Change Footprint: Footprint Not Found 0603
Change Footprint: Footprint Not Found 0603
Change Footprint: Footprint Not Found 0603
Change Footprint: Footprint Not Found 0603
Change Footprint: Footprint Not Found 0603
Change Footprint: Footprint Not Found 0603
Change Footprint: Footprint Not Found 0603
Change Footprint: Footprint Not Found 0603
Change Footprint: Footprint Not Found 0603
Change Footprint: Footprint Not Found 0603
Change Footprint: Footprint Not Found 0603
Change Footprint: Footprint Not Found 0603
Change Footprint: Footprint Not Found 0603
Change Footprint: Footprint Not Found 0603
Change Footprint: Footprint Not Found 0603
Change Footprint: Footprint Not Found Abracon_ABM10W
Change Footprint: Footprint Not Found DBV0005A_N
Change Footprint: Footprint Not Found DBV0006A_N
Change Footprint: Footprint Not Found DBV0006A_N
Change Footprint: Footprint Not Found DQA0010A
Change Footprint: Footprint Not Found DRL0005A
Change Footprint: Footprint Not Found FP-BLM18EG121SN1D_0603-MFG
Change Footprint: Footprint Not Found FP-GRM033C80J105ME05D_0201-MFG
Change Footprint: Footprint Not Found FP-GRM033C80J105ME05D_0201-MFG
Change Footprint: Footprint Not Found FP-GRM033C80J105ME05D_0201-MFG
Change Footprint: Footprint Not Found FP-GRM033C80J105ME05D_0201-MFG
Change Footprint: Footprint Not Found FP-GRM033C80J105ME05D_0201-MFG
Change Footprint: Footprint Not Found FP-GRM033C80J105ME05D_0201-MFG
Change Footprint: Footprint Not Found FP-GRM033C80J105ME05D_0201-MFG
Change Footprint: Footprint Not Found FP-GRM033C80J105ME05D_0201-MFG
Change Footprint: Footprint Not Found FP-GRM033C80J105ME05D_0201-MFG
Change Footprint: Footprint Not Found FP-GRM033C80J105ME05D_0201-MFG
Change Footprint: Footprint Not Found FP-GRM033C80J105ME05D_0201-MFG
Change Footprint: Footprint Not Found FP-GRM033C80J105ME05D_0201-MFG
Change Footprint: Footprint Not Found FP-GRM033C80J105ME05D_0201-MFG
Change Footprint: Footprint Not Found FP-GRM033C80J105ME05D_0201-MFG
Change Footprint: Footprint Not Found FP-GRM033C80J105ME05D_0201-MFG
Change Footprint: Footprint Not Found FP-GRM033C80J105ME05D_0201-MFG
Change Footprint: Footprint Not Found FP-S25FL128SAGNFI000_WSON8-IPC_B
Change Footprint: Footprint Not Found FP-S25FL128SAGNFI000_WSON8-IPC_B
Change Footprint: Footprint Not Found Hirose_DM3BT-DSF-PEJS
Change Footprint: Footprint Not Found RSE0010A
Change Footprint: Footprint Not Found SOIC-8
Add component: Footprint Not Found 0805_HV
Add component: Footprint Not Found 0805_HV
Add component: Footprint Not Found 1210_270
Add component: Footprint Not Found 0603
Add component: Footprint Not Found 1210_270
Add component: Footprint Not Found 1210_270
Add component: Footprint Not Found 0805_HV
Add component: Footprint Not Found 0805_HV
Add component: Footprint Not Found 1210_270
Add component: Footprint Not Found 0603
Add component: Footprint Not Found 1210_270
Add component: Footprint Not Found 1210_270
Add component: Footprint Not Found WE-MAPI_4020
Add component: Footprint Not Found WE-MAPI_4020
Add component: Footprint Not Found DQG0008A
Add component: Footprint Not Found 0402
Add component: Footprint Not Found 0805_HV
Add component: Footprint Not Found 0402
Add component: Footprint Not Found 0402
Add component: Footprint Not Found 0402
Add component: Footprint Not Found 0805_HV
Add component: Footprint Not Found 0402
Add component: Footprint Not Found 0402
Add component: Footprint Not Found RPU0010A-MFG
Add component: Footprint Not Found RPU0010A-MFG
Add component: Footprint Not Found X322540MPB4SI
Add Pin To Net: Unknown Pin: Pin C4-1
Add Pin To Net: Unknown Pin: Pin C4-2
Add Pin To Net: Unknown Pin: Pin C5-1
Add Pin To Net: Unknown Pin: Pin C5-2
Add Pin To Net: Unknown Pin: Pin C6-1
Add Pin To Net: Unknown Pin: Pin C6-2
Add Pin To Net: Unknown Pin: Pin C8-1
Add Pin To Net: Unknown Pin: Pin C8-2
Add Pin To Net: Unknown Pin: Pin C11-1
Add Pin To Net: Unknown Pin: Pin C11-2
Add Pin To Net: Unknown Pin: Pin C12-1
Add Pin To Net: Unknown Pin: Pin C12-2
Add Pin To Net: Unknown Pin: Pin C13-1
Add Pin To Net: Unknown Pin: Pin C13-2
Add Pin To Net: Unknown Pin: Pin C14-1
Add Pin To Net: Unknown Pin: Pin C14-2
Add Pin To Net: Unknown Pin: Pin C15-1
Add Pin To Net: Unknown Pin: Pin C15-2
Add Pin To Net: Unknown Pin: Pin C72-1
Add Pin To Net: Unknown Pin: Pin C72-2
Add Pin To Net: Unknown Pin: Pin C73-1
Add Pin To Net: Unknown Pin: Pin C73-2
Add Pin To Net: Unknown Pin: Pin C74-1
Add Pin To Net: Unknown Pin: Pin C74-2
Add Pin To Net: Unknown Pin: Pin L2-1
Add Pin To Net: Unknown Pin: Pin L2-2
Add Pin To Net: Unknown Pin: Pin L4-1
Add Pin To Net: Unknown Pin: Pin L4-2
Add Pin To Net: Unknown Pin: Pin Q3-1
Add Pin To Net: Unknown Pin: Pin Q3-2
Add Pin To Net: Unknown Pin: Pin Q3-3
Add Pin To Net: Unknown Pin: Pin Q3-5
Add Pin To Net: Unknown Pin: Pin Q3-6
Add Pin To Net: Unknown Pin: Pin Q3-7
Add Pin To Net: Unknown Pin: Pin Q3-8
Add Pin To Net: Unknown Pin: Pin Q3-9
Add Pin To Net: Unknown Pin: Pin R5-1
Add Pin To Net: Unknown Pin: Pin R5-2
Add Pin To Net: Unknown Pin: Pin R6-1
Add Pin To Net: Unknown Pin: Pin R6-2
Add Pin To Net: Unknown Pin: Pin R9-1
Add Pin To Net: Unknown Pin: Pin R9-2
Add Pin To Net: Unknown Pin: Pin R10-1
Add Pin To Net: Unknown Pin: Pin R10-2
Add Pin To Net: Unknown Pin: Pin R11-1
Add Pin To Net: Unknown Pin: Pin R11-2
Add Pin To Net: Unknown Pin: Pin R12-1
Add Pin To Net: Unknown Pin: Pin R12-2
Add Pin To Net: Unknown Pin: Pin R13-1
Add Pin To Net: Unknown Pin: Pin R13-2
Add Pin To Net: Unknown Pin: Pin R14-1
Add Pin To Net: Unknown Pin: Pin R14-2
Add Pin To Net: Unknown Pin: Pin U3-1
Add Pin To Net: Unknown Pin: Pin U3-2
Add Pin To Net: Unknown Pin: Pin U3-3
Add Pin To Net: Unknown Pin: Pin U3-4
Add Pin To Net: Unknown Pin: Pin U3-5
Add Pin To Net: Unknown Pin: Pin U3-6
Add Pin To Net: Unknown Pin: Pin U3-7
Add Pin To Net: Unknown Pin: Pin U3-8
Add Pin To Net: Unknown Pin: Pin U3-9
Add Pin To Net: Unknown Pin: Pin U3-10
Add Pin To Net: Unknown Pin: Pin U6-1
Add Pin To Net: Unknown Pin: Pin U6-2
Add Pin To Net: Unknown Pin: Pin U6-3
Add Pin To Net: Unknown Pin: Pin U6-4
Add Pin To Net: Unknown Pin: Pin U6-5
Add Pin To Net: Unknown Pin: Pin U6-6
Add Pin To Net: Unknown Pin: Pin U6-7
Add Pin To Net: Unknown Pin: Pin U6-8
Add Pin To Net: Unknown Pin: Pin U6-9
Add Pin To Net: Unknown Pin: Pin U6-10
Add Pin To Net: Unknown Pin: Pin Y2-1
Add Pin To Net: Unknown Pin: Pin Y2-2
Add Pin To Net: Unknown Pin: Pin Y2-3
Add Pin To Net: Unknown Pin: Pin Y2-4
Add Class Member: Failed to add class member : Component C4 GRM21BZ71A226ME15L
Add Class Member: Failed to add class member : Component C5 GRM21BZ71A226ME15L
Add Class Member: Failed to add class member : Component C6 GRM32ER71A476ME15L
Add Class Member: Failed to add class member : Component C8 GRM188R71E474KA12D
Add Class Member: Failed to add class member : Component C11 GRM32ER7YA106KA12K
Add Class Member: Failed to add class member : Component C12 GRM32ER7YA106KA12K
Add Class Member: Failed to add class member : Component C13 GRM21BZ71A226ME15L
Add Class Member: Failed to add class member : Component C14 GRM21BZ71A226ME15L
Add Class Member: Failed to add class member : Component C15 GRM32ER71A476ME15L
Add Class Member: Failed to add class member : Component C72 GRM188R71E474KA12D
Add Class Member: Failed to add class member : Component C73 GRM32ER7YA106KA12K
Add Class Member: Failed to add class member : Component C74 GRM32ER7YA106KA12K
Add Class Member: Failed to add class member : Component L2 74438356022
Add Class Member: Failed to add class member : Component L4 74438356022
Add Class Member: Failed to add class member : Component Q3 CSD19537Q3
Add Class Member: Failed to add class member : Component R5 ERJ-2RKF1002X
Add Class Member: Failed to add class member : Component R6 ERJ-6ENF1822V
Add Class Member: Failed to add class member : Component R9 CRCW040215K4FKED
Add Class Member: Failed to add class member : Component R10 CRCW04024K99FKED
Add Class Member: Failed to add class member : Component R11 ERJ-2RKF1002X
Add Class Member: Failed to add class member : Component R12 ERJ-6ENF1822V
Add Class Member: Failed to add class member : Component R13 CRCW04022K49FKED
Add Class Member: Failed to add class member : Component R14 CRCW04024K99FKED
Add Class Member: Failed to add class member : Component U3 TPS62913RPUR
Add Class Member: Failed to add class member : Component U6 TPS62913RPUR
Add Class Member: Failed to add class member : Component Y2 X322540MPB4SI
